> Task :compileJava UP-TO-DATE
> Task :processResources UP-TO-DATE
> Task :classes UP-TO-DATE
> Task :compileTestJava UP-TO-DATE
> Task :processTestResources NO-SOURCE
> Task :testClasses UP-TO-DATE
./gradlew : Java 
HotSpot(TM) 64-Bit 
Server VM warning: 
Sharing is only 
supported for boot 
loader classes 
because bootstrap 
classpath has been 
appended
At line:1 char:1
+ ./gradlew test > 
build_output.txt 2>&1
+ ~~~~~~~~~~~~~~~~~~~
~~~~~~~~~~~~~~~~~~~
    + CategoryInfo   
           : NotSpe  
  cified: (Java Ho   
 tSpot(TM...s bee    
n appended:Strin    
g) [], RemoteExc    
eption
    + FullyQualified 
   ErrorId : Native  
  CommandError
 

> Task :test

HomePageFunctionalTest > pageTitle_isCorrect(ChromeDriver) FAILED
    org.opentest4j.AssertionFailedError at HomePageFunctionalTest.java:47

HomePageFunctionalTest > welcomeMessage_homePage_isCorrect(ChromeDriver) FAILED
    org.openqa.selenium.NoSuchElementException at HomePageFunctionalTest.java:54

ProductServiceImplTest > testUpdateProductWithInvalidQuantity() FAILED
    java.lang.IllegalArgumentException at ProductServiceImplTest.java:95

2026-02-24T12:33:57.016+07:00  INFO 36152 --- [eshop] [ionShutdownHook] o.s.boot.tomcat.GracefulShutdown         : Commencing graceful shutdown. Waiting for active requests to complete
2026-02-24T12:33:57.039+07:00  INFO 36152 --- [eshop] [tomcat-shutdown] o.s.boot.tomcat.GracefulShutdown         : Graceful shutdown complete

> Task :test

22 tests completed, 
3 failed

> Task :test FAILED

FAILURE: Build 
failed with an 
exception.

* What went wrong:
Execution failed for 
task ':test'.
> There were failing 
tests. See the 
report at: file:///C:
/Users/ZAHRAN/IdeaPro
jects/eshop/build/rep
orts/tests/test/index
.html

* Try:
> Run with --scan to 
get full insights 
from a Build Scan 
(powered by 
Develocity).

BUILD FAILED in 26s
4 actionable tasks: 1 executed, 3 up-to-date
