> Task :compileJava
> Task :processResources UP-TO-DATE
> Task :classes

> Task :compileTestJava
./gradlew : C:\Users\ZAHRAN\I
deaProjects\eshop\src\test\ja
va\id\ac\ui\cs\advprog\eshop\
service\OrderServiceImplTest.
java:46: error: cannot find 
symbol
At line:1 char:1
+ ./gradlew test --tests id.a
c.ui.cs.advprog.eshop.service
.OrderService ...
+ ~~~~~~~~~~~~~~~~~~~~~~~~~~~
~~~~~~~~~~~~~~~~~~~~~~~~~~~~~
~~~~~~~~~~~~~
    + CategoryInfo           
   : NotSpecified    : 
(C:\Users\ZAHRAN.    ..not 
find symbol:S    tring) [], 
RemoteEx    ception
    + FullyQualifiedErr    
orId : NativeComman    dError
 
        doReturn(order).when(
orderRepository).save(order);
        ^
  symbol:   method 
doReturn(Order)
  location: class 
OrderRepositoryTest
C:\Users\ZAHRAN\IdeaProjects\
eshop\src\test\java\id\ac\ui\
cs\advprog\eshop\service\Orde
rServiceImplTest.java:48: 
error: cannot find symbol
        Order result = orderS
ervice.createOrder(order);
                       ^
  symbol:   variable 
orderService
  location: class 
OrderRepositoryTest
C:\Users\ZAHRAN\IdeaProjects\
eshop\src\test\java\id\ac\ui\
cs\advprog\eshop\service\Orde
rServiceImplTest.java:49: 
error: cannot find symbol
        
verify(orderRepository, 
times(1)).save(order);
                             
   ^
  symbol:   method times(int)
  location: class 
OrderRepositoryTest
C:\Users\ZAHRAN\IdeaProjects\
eshop\src\test\java\id\ac\ui\
cs\advprog\eshop\service\Orde
rServiceImplTest.java:50: 
error: cannot find symbol
        
assertEquals(order.getId(), 
result.getId());
        ^
  symbol:   method 
assertEquals(String,String)
  location: class 
OrderRepositoryTest
C:\Users\ZAHRAN\IdeaProjects\
eshop\src\test\java\id\ac\ui\
cs\advprog\eshop\service\Orde
rServiceImplTest.java:56: 
error: cannot find symbol
        doReturn(order).when(
orderRepository).findById(ord
er.getId());
        ^
  symbol:   method 
doReturn(Order)
  location: class 
OrderRepositoryTest
C:\Users\ZAHRAN\IdeaProjects\
eshop\src\test\java\id\ac\ui\
cs\advprog\eshop\service\Orde
rServiceImplTest.java:58: 
error: cannot find symbol
        assertNull(orderServi
ce.createOrder(order));
                   ^
  symbol:   variable 
orderService
  location: class 
OrderRepositoryTest
C:\Users\ZAHRAN\IdeaProjects\
eshop\src\test\java\id\ac\ui\
cs\advprog\eshop\service\Orde
rServiceImplTest.java:59: 
error: cannot find symbol
        
verify(orderRepository, 
times(0)).save(order);
                             
   ^
  symbol:   method times(int)
  location: class 
OrderRepositoryTest
C:\Users\ZAHRAN\IdeaProjects\
eshop\src\test\java\id\ac\ui\
cs\advprog\eshop\service\Orde
rServiceImplTest.java:68: 
error: cannot find symbol
        doReturn(order).when(
orderRepository).findById(ord
er.getId());
        ^
  symbol:   method 
doReturn(Order)
  location: class 
OrderRepositoryTest
C:\Users\ZAHRAN\IdeaProjects\
eshop\src\test\java\id\ac\ui\
cs\advprog\eshop\service\Orde
rServiceImplTest.java:69: 
error: cannot find symbol
        doReturn(newOrder).wh
en(orderRepository).save(any(
Order.class));
        ^
  symbol:   method 
doReturn(Order)
  location: class 
OrderRepositoryTest
C:\Users\ZAHRAN\IdeaProjects\
eshop\src\test\java\id\ac\ui\
cs\advprog\eshop\service\Orde
rServiceImplTest.java:69: 
error: cannot find symbol
        doReturn(newOrder).wh
en(orderRepository).save(any(
Order.class));
                             
                         ^
  symbol:   method 
any(Class<Order>)
  location: class 
OrderRepositoryTest
C:\Users\ZAHRAN\IdeaProjects\
eshop\src\test\java\id\ac\ui\
cs\advprog\eshop\service\Orde
rServiceImplTest.java:71: 
error: cannot find symbol
        Order result = orderS
ervice.updateStatus(order.get
Id(), OrderStatus.SUCCESS.get
Value());
                       ^
  symbol:   variable 
orderService
  location: class 
OrderRepositoryTest
C:\Users\ZAHRAN\IdeaProjects\
eshop\src\test\java\id\ac\ui\
cs\advprog\eshop\service\Orde
rServiceImplTest.java:73: 
error: cannot find symbol
        
assertEquals(order.getId(), 
result.getId());
        ^
  symbol:   method 
assertEquals(String,String)
  location: class 
OrderRepositoryTest
C:\Users\ZAHRAN\IdeaProjects\
eshop\src\test\java\id\ac\ui\
cs\advprog\eshop\service\Orde
rServiceImplTest.java:74: 
error: cannot find symbol
        assertEquals(OrderSta
tus.SUCCESS.getValue(), 
result.getStatus());
        ^
  symbol:   method 
assertEquals(String,String)
  location: class 
OrderRepositoryTest
C:\Users\ZAHRAN\IdeaProjects\
eshop\src\test\java\id\ac\ui\
cs\advprog\eshop\service\Orde
rServiceImplTest.java:75: 
error: cannot find symbol
        
verify(orderRepository, times
(1)).save(any(Order.class));
                             
   ^
  symbol:   method times(int)
  location: class 
OrderRepositoryTest
C:\Users\ZAHRAN\IdeaProjects\
eshop\src\test\java\id\ac\ui\
cs\advprog\eshop\service\Orde
rServiceImplTest.java:75: 
error: cannot find symbol
        
verify(orderRepository, times
(1)).save(any(Order.class));
                             
                  ^
  symbol:   method 
any(Class<Order>)
  location: class 
OrderRepositoryTest
C:\Users\ZAHRAN\IdeaProjects\
eshop\src\test\java\id\ac\ui\
cs\advprog\eshop\service\Orde
rServiceImplTest.java:81: 
error: cannot find symbol
        doReturn(order).when(
orderRepository).findById(ord
er.getId());
        ^
  symbol:   method 
doReturn(Order)
  location: class 
OrderRepositoryTest
C:\Users\ZAHRAN\IdeaProjects\
eshop\src\test\java\id\ac\ui\
cs\advprog\eshop\service\Orde
rServiceImplTest.java:83: 
error: cannot find symbol
        assertThrows(IllegalA
rgumentException.class,
        ^
  symbol:   method assertThro
ws(Class<IllegalArgumentExcep
tion>,()->orderS[...]EOW"))
  location: class 
OrderRepositoryTest
C:\Users\ZAHRAN\IdeaProjects\
eshop\src\test\java\id\ac\ui\
cs\advprog\eshop\service\Orde
rServiceImplTest.java:84: 
error: cannot find symbol
                () -> orderSe
rvice.updateStatus(order.getI
d(), "MEOW"));
                      ^
  symbol:   variable 
orderService
  location: class 
OrderRepositoryTest
C:\Users\ZAHRAN\IdeaProjects\
eshop\src\test\java\id\ac\ui\
cs\advprog\eshop\service\Orde
rServiceImplTest.java:86: 
error: cannot find symbol
        
verify(orderRepository, times
(0)).save(any(Order.class));
                             
   ^
  symbol:   method times(int)
  location: class 
OrderRepositoryTest
C:\Users\ZAHRAN\IdeaProjects\
eshop\src\test\java\id\ac\ui\
cs\advprog\eshop\service\Orde
rServiceImplTest.java:86: 
error: cannot find symbol
        
verify(orderRepository, times
(0)).save(any(Order.class));
                             
                  ^
  symbol:   method 
any(Class<Order>)
  location: class 
OrderRepositoryTest
C:\Users\ZAHRAN\IdeaProjects\
eshop\src\test\java\id\ac\ui\
cs\advprog\eshop\service\Orde
rServiceImplTest.java:91: 
error: cannot find symbol
        doReturn(null).when(o
rderRepository).findById("zcz
c");
        ^
  symbol:   method 
doReturn(<null>)
  location: class 
OrderRepositoryTest
C:\Users\ZAHRAN\IdeaProjects\
eshop\src\test\java\id\ac\ui\
cs\advprog\eshop\service\Orde
rServiceImplTest.java:93: 
error: cannot find symbol
        assertThrows(NoSuchEl
ementException.class,
                     ^
  symbol:   class 
NoSuchElementException
  location: class 
OrderRepositoryTest
C:\Users\ZAHRAN\IdeaProjects\
eshop\src\test\java\id\ac\ui\
cs\advprog\eshop\service\Orde
rServiceImplTest.java:94: 
error: cannot find symbol
                () -> orderSe
rvice.updateStatus("zczc", Or
derStatus.SUCCESS.getValue())
);
                      ^
  symbol:   variable 
orderService
  location: class 
OrderRepositoryTest
C:\Users\ZAHRAN\IdeaProjects\
eshop\src\test\java\id\ac\ui\
cs\advprog\eshop\service\Orde
rServiceImplTest.java:96: 
error: cannot find symbol
        
verify(orderRepository, times
(0)).save(any(Order.class));
                             
   ^
  symbol:   method times(int)
  location: class 
OrderRepositoryTest
C:\Users\ZAHRAN\IdeaProjects\
eshop\src\test\java\id\ac\ui\
cs\advprog\eshop\service\Orde
rServiceImplTest.java:96: 
error: cannot find symbol
        
verify(orderRepository, times
(0)).save(any(Order.class));
                             
                  ^
  symbol:   method 
any(Class<Order>)
  location: class 
OrderRepositoryTest
C:\Users\ZAHRAN\IdeaProjects\
eshop\src\test\java\id\ac\ui\
cs\advprog\eshop\service\Orde
rServiceImplTest.java:102: 
error: cannot find symbol
        doReturn(order).when(
orderRepository).findById(ord
er.getId());
        ^
  symbol:   method 
doReturn(Order)
  location: class 
OrderRepositoryTest
C:\Users\ZAHRAN\IdeaProjects\
eshop\src\test\java\id\ac\ui\
cs\advprog\eshop\service\Orde
rServiceImplTest.java:104: 
error: cannot find symbol
        Order result = orderS
ervice.findById(order.getId()
);
                       ^
  symbol:   variable 
orderService
  location: class 
OrderRepositoryTest
C:\Users\ZAHRAN\IdeaProjects\
eshop\src\test\java\id\ac\ui\
cs\advprog\eshop\service\Orde
rServiceImplTest.java:105: 
error: cannot find symbol
        
assertEquals(order.getId(), 
result.getId());
        ^
  symbol:   method 
assertEquals(String,String)
  location: class 
OrderRepositoryTest
C:\Users\ZAHRAN\IdeaProjects\
eshop\src\test\java\id\ac\ui\
cs\advprog\eshop\service\Orde
rServiceImplTest.java:110: 
error: cannot find symbol
        doReturn(null).when(o
rderRepository).findById("zcz
c");
        ^
  symbol:   method 
doReturn(<null>)
  location: class 
OrderRepositoryTest
C:\Users\ZAHRAN\IdeaProjects\
eshop\src\test\java\id\ac\ui\
cs\advprog\eshop\service\Orde
rServiceImplTest.java:111: 
error: cannot find symbol
        assertNull(orderServi
ce.findById("zczc"));
                   ^
  symbol:   variable 
orderService
  location: class 
OrderRepositoryTest
C:\Users\ZAHRAN\IdeaProjects\
eshop\src\test\java\id\ac\ui\
cs\advprog\eshop\service\Orde
rServiceImplTest.java:117: 
error: cannot find symbol
        doReturn(orders).when
(orderRepository).findAllByAu
thor(order.getAuthor());
        ^
  symbol:   method 
doReturn(List<Order>)
  location: class 
OrderRepositoryTest
C:\Users\ZAHRAN\IdeaProjects\
eshop\src\test\java\id\ac\ui\
cs\advprog\eshop\service\Orde
rServiceImplTest.java:119: 
error: cannot find symbol
        List<Order> results 
= orderService.findAllByAutho
r(order.getAuthor());
                             
 ^
  symbol:   variable 
orderService
  location: class 
OrderRepositoryTest
C:\Users\ZAHRAN\IdeaProjects\
eshop\src\test\java\id\ac\ui\
cs\advprog\eshop\service\Orde
rServiceImplTest.java:121: 
error: cannot find symbol
            assertEquals(orde
r.getAuthor(), 
result.getAuthor());
            ^
  symbol:   method 
assertEquals(String,String)
  location: class 
OrderRepositoryTest
C:\Users\ZAHRAN\IdeaProjects\
eshop\src\test\java\id\ac\ui\
cs\advprog\eshop\service\Orde
rServiceImplTest.java:123: 
error: cannot find symbol
        assertEquals(2, 
results.size());
        ^
  symbol:   method 
assertEquals(int,int)
  location: class 
OrderRepositoryTest
C:\Users\ZAHRAN\IdeaProjects\
eshop\src\test\java\id\ac\ui\
cs\advprog\eshop\service\Orde
rServiceImplTest.java:129: 
error: cannot find symbol
        doReturn(new ArrayLis
t<Order>()).when(orderReposit
ory)
        ^
  symbol:   method 
doReturn(ArrayList<Order>)
  location: class 
OrderRepositoryTest
C:\Users\ZAHRAN\IdeaProjects\
eshop\src\test\java\id\ac\ui\
cs\advprog\eshop\service\Orde
rServiceImplTest.java:132: 
error: cannot find symbol
        List<Order> results 
= orderService.findAllByAutho
r(order.getAuthor().toLowerCa
se());
                             
 ^
  symbol:   variable 
orderService
  location: class 
OrderRepositoryTest
C:\Users\ZAHRAN\IdeaProjects\
eshop\src\test\java\id\ac\ui\
cs\advprog\eshop\service\Orde
rServiceImplTest.java:133: 
error: cannot find symbol
        assertTrue(results.is
Empty());
        ^
  symbol:   method 
assertTrue(boolean)
  location: class 
OrderRepositoryTest
37 errors

> Task :compileTestJava FAILED

[Incubating] Problems report is available at: file:///C:/Users/ZAHRAN/IdeaProjects/eshop/build/reports/problems/problems-report.html

FAILURE: Build failed with 
an exception.

* What went wrong:
Execution failed for task 
':compileTestJava'.
> Compilation failed; see 
the compiler output below.
  C:\Users\ZAHRAN\IdeaProject
s\eshop\src\test\java\id\ac\u
i\cs\advprog\eshop\service\Or
derServiceImplTest.java:48: 
error: cannot find symbol
          Order result = orde
rService.createOrder(order);
                         ^
    symbol:   variable 
orderService
    location: class 
OrderRepositoryTest
  C:\Users\ZAHRAN\IdeaProject
s\eshop\src\test\java\id\ac\u
i\cs\advprog\eshop\service\Or
derServiceImplTest.java:58: 
error: cannot find symbol
          assertNull(orderSer
vice.createOrder(order));
                     ^
    symbol:   variable 
orderService
    location: class 
OrderRepositoryTest
  C:\Users\ZAHRAN\IdeaProject
s\eshop\src\test\java\id\ac\u
i\cs\advprog\eshop\service\Or
derServiceImplTest.java:71: 
error: cannot find symbol
          Order result = orde
rService.updateStatus(order.g
etId(), OrderStatus.SUCCESS.g
etValue());
                         ^
    symbol:   variable 
orderService
    location: class 
OrderRepositoryTest
  C:\Users\ZAHRAN\IdeaProject
s\eshop\src\test\java\id\ac\u
i\cs\advprog\eshop\service\Or
derServiceImplTest.java:84: 
error: cannot find symbol
                  () -> order
Service.updateStatus(order.ge
tId(), "MEOW"));
                        ^
    symbol:   variable 
orderService
    location: class 
OrderRepositoryTest
  C:\Users\ZAHRAN\IdeaProject
s\eshop\src\test\java\id\ac\u
i\cs\advprog\eshop\service\Or
derServiceImplTest.java:93: 
error: cannot find symbol
          assertThrows(NoSuch
ElementException.class,
                       ^
    symbol:   class 
NoSuchElementException
    location: class 
OrderRepositoryTest
  C:\Users\ZAHRAN\IdeaProject
s\eshop\src\test\java\id\ac\u
i\cs\advprog\eshop\service\Or
derServiceImplTest.java:94: 
error: cannot find symbol
                  () -> order
Service.updateStatus("zczc", 
OrderStatus.SUCCESS.getValue(
)));
                        ^
    symbol:   variable 
orderService
    location: class 
OrderRepositoryTest
  C:\Users\ZAHRAN\IdeaProject
s\eshop\src\test\java\id\ac\u
i\cs\advprog\eshop\service\Or
derServiceImplTest.java:104: 
error: cannot find symbol
          Order result = orde
rService.findById(order.getId
());
                         ^
    symbol:   variable 
orderService
    location: class 
OrderRepositoryTest
  C:\Users\ZAHRAN\IdeaProject
s\eshop\src\test\java\id\ac\u
i\cs\advprog\eshop\service\Or
derServiceImplTest.java:111: 
error: cannot find symbol
          assertNull(orderSer
vice.findById("zczc"));
                     ^
    symbol:   variable 
orderService
    location: class 
OrderRepositoryTest
  C:\Users\ZAHRAN\IdeaProject
s\eshop\src\test\java\id\ac\u
i\cs\advprog\eshop\service\Or
derServiceImplTest.java:119: 
error: cannot find symbol
          List<Order> 
results = orderService.findAl
lByAuthor(order.getAuthor());
                             
   ^
    symbol:   variable 
orderService
    location: class 
OrderRepositoryTest
  C:\Users\ZAHRAN\IdeaProject
s\eshop\src\test\java\id\ac\u
i\cs\advprog\eshop\service\Or
derServiceImplTest.java:132: 
error: cannot find symbol
          List<Order> 
results = orderService.findAl
lByAuthor(order.getAuthor().t
oLowerCase());
                             
   ^
    symbol:   variable 
orderService
    location: class 
OrderRepositoryTest
  C:\Users\ZAHRAN\IdeaProject
s\eshop\src\test\java\id\ac\u
i\cs\advprog\eshop\service\Or
derServiceImplTest.java:46: 
error: cannot find symbol
          doReturn(order).whe
n(orderRepository).save(order
);
          ^
    symbol:   method 
doReturn(Order)
    location: class 
OrderRepositoryTest
  C:\Users\ZAHRAN\IdeaProject
s\eshop\src\test\java\id\ac\u
i\cs\advprog\eshop\service\Or
derServiceImplTest.java:49: 
error: cannot find symbol
          
verify(orderRepository, 
times(1)).save(order);
                             
     ^
    symbol:   method 
times(int)
    location: class 
OrderRepositoryTest
  C:\Users\ZAHRAN\IdeaProject
s\eshop\src\test\java\id\ac\u
i\cs\advprog\eshop\service\Or
derServiceImplTest.java:50: 
error: cannot find symbol
          
assertEquals(order.getId(), 
result.getId());
          ^
    symbol:   method 
assertEquals(String,String)
    location: class 
OrderRepositoryTest
  C:\Users\ZAHRAN\IdeaProject
s\eshop\src\test\java\id\ac\u
i\cs\advprog\eshop\service\Or
derServiceImplTest.java:56: 
error: cannot find symbol
          doReturn(order).whe
n(orderRepository).findById(o
rder.getId());
          ^
    symbol:   method 
doReturn(Order)
    location: class 
OrderRepositoryTest
  C:\Users\ZAHRAN\IdeaProject
s\eshop\src\test\java\id\ac\u
i\cs\advprog\eshop\service\Or
derServiceImplTest.java:59: 
error: cannot find symbol
          
verify(orderRepository, 
times(0)).save(order);
                             
     ^
    symbol:   method 
times(int)
    location: class 
OrderRepositoryTest
  C:\Users\ZAHRAN\IdeaProject
s\eshop\src\test\java\id\ac\u
i\cs\advprog\eshop\service\Or
derServiceImplTest.java:68: 
error: cannot find symbol
          doReturn(order).whe
n(orderRepository).findById(o
rder.getId());
          ^
    symbol:   method 
doReturn(Order)
    location: class 
OrderRepositoryTest
  C:\Users\ZAHRAN\IdeaProject
s\eshop\src\test\java\id\ac\u
i\cs\advprog\eshop\service\Or
derServiceImplTest.java:69: 
error: cannot find symbol
          doReturn(newOrder).
when(orderRepository).save(an
y(Order.class));
          ^
    symbol:   method 
doReturn(Order)
    location: class 
OrderRepositoryTest
  C:\Users\ZAHRAN\IdeaProject
s\eshop\src\test\java\id\ac\u
i\cs\advprog\eshop\service\Or
derServiceImplTest.java:69: 
error: cannot find symbol
          doReturn(newOrder).
when(orderRepository).save(an
y(Order.class));
                             
                           ^
    symbol:   method 
any(Class<Order>)
    location: class 
OrderRepositoryTest
  C:\Users\ZAHRAN\IdeaProject
s\eshop\src\test\java\id\ac\u
i\cs\advprog\eshop\service\Or
derServiceImplTest.java:73: 
error: cannot find symbol
          
assertEquals(order.getId(), 
result.getId());
          ^
    symbol:   method 
assertEquals(String,String)
    location: class 
OrderRepositoryTest
  C:\Users\ZAHRAN\IdeaProject
s\eshop\src\test\java\id\ac\u
i\cs\advprog\eshop\service\Or
derServiceImplTest.java:74: 
error: cannot find symbol
          assertEquals(OrderS
tatus.SUCCESS.getValue(), 
result.getStatus());
          ^
    symbol:   method 
assertEquals(String,String)
    location: class 
OrderRepositoryTest
  C:\Users\ZAHRAN\IdeaProject
s\eshop\src\test\java\id\ac\u
i\cs\advprog\eshop\service\Or
derServiceImplTest.java:75: 
error: cannot find symbol
          
verify(orderRepository, times
(1)).save(any(Order.class));
                             
     ^
    symbol:   method 
times(int)
    location: class 
OrderRepositoryTest
  C:\Users\ZAHRAN\IdeaProject
s\eshop\src\test\java\id\ac\u
i\cs\advprog\eshop\service\Or
derServiceImplTest.java:75: 
error: cannot find symbol
          
verify(orderRepository, times
(1)).save(any(Order.class));
                             
                    ^
    symbol:   method 
any(Class<Order>)
    location: class 
OrderRepositoryTest
  C:\Users\ZAHRAN\IdeaProject
s\eshop\src\test\java\id\ac\u
i\cs\advprog\eshop\service\Or
derServiceImplTest.java:81: 
error: cannot find symbol
          doReturn(order).whe
n(orderRepository).findById(o
rder.getId());
          ^
    symbol:   method 
doReturn(Order)
    location: class 
OrderRepositoryTest
  C:\Users\ZAHRAN\IdeaProject
s\eshop\src\test\java\id\ac\u
i\cs\advprog\eshop\service\Or
derServiceImplTest.java:83: 
error: cannot find symbol
          assertThrows(Illega
lArgumentException.class,
          ^
    symbol:   method assertTh
rows(Class<IllegalArgumentExc
eption>,()->orderS[...]EOW"))
    location: class 
OrderRepositoryTest
  C:\Users\ZAHRAN\IdeaProject
s\eshop\src\test\java\id\ac\u
i\cs\advprog\eshop\service\Or
derServiceImplTest.java:86: 
error: cannot find symbol
          
verify(orderRepository, times
(0)).save(any(Order.class));
                             
     ^
    symbol:   method 
times(int)
    location: class 
OrderRepositoryTest
  C:\Users\ZAHRAN\IdeaProject
s\eshop\src\test\java\id\ac\u
i\cs\advprog\eshop\service\Or
derServiceImplTest.java:86: 
error: cannot find symbol
          
verify(orderRepository, times
(0)).save(any(Order.class));
                             
                    ^
    symbol:   method 
any(Class<Order>)
    location: class 
OrderRepositoryTest
  C:\Users\ZAHRAN\IdeaProject
s\eshop\src\test\java\id\ac\u
i\cs\advprog\eshop\service\Or
derServiceImplTest.java:91: 
error: cannot find symbol
          doReturn(null).when
(orderRepository).findById("z
czc");
          ^
    symbol:   method 
doReturn(<null>)
    location: class 
OrderRepositoryTest
  C:\Users\ZAHRAN\IdeaProject
s\eshop\src\test\java\id\ac\u
i\cs\advprog\eshop\service\Or
derServiceImplTest.java:96: 
error: cannot find symbol
          
verify(orderRepository, times
(0)).save(any(Order.class));
                             
     ^
    symbol:   method 
times(int)
    location: class 
OrderRepositoryTest
  C:\Users\ZAHRAN\IdeaProject
s\eshop\src\test\java\id\ac\u
i\cs\advprog\eshop\service\Or
derServiceImplTest.java:96: 
error: cannot find symbol
          
verify(orderRepository, times
(0)).save(any(Order.class));
                             
                    ^
    symbol:   method 
any(Class<Order>)
    location: class 
OrderRepositoryTest
  C:\Users\ZAHRAN\IdeaProject
s\eshop\src\test\java\id\ac\u
i\cs\advprog\eshop\service\Or
derServiceImplTest.java:102: 
error: cannot find symbol
          doReturn(order).whe
n(orderRepository).findById(o
rder.getId());
          ^
    symbol:   method 
doReturn(Order)
    location: class 
OrderRepositoryTest
  C:\Users\ZAHRAN\IdeaProject
s\eshop\src\test\java\id\ac\u
i\cs\advprog\eshop\service\Or
derServiceImplTest.java:105: 
error: cannot find symbol
          
assertEquals(order.getId(), 
result.getId());
          ^
    symbol:   method 
assertEquals(String,String)
    location: class 
OrderRepositoryTest
  C:\Users\ZAHRAN\IdeaProject
s\eshop\src\test\java\id\ac\u
i\cs\advprog\eshop\service\Or
derServiceImplTest.java:110: 
error: cannot find symbol
          doReturn(null).when
(orderRepository).findById("z
czc");
          ^
    symbol:   method 
doReturn(<null>)
    location: class 
OrderRepositoryTest
  C:\Users\ZAHRAN\IdeaProject
s\eshop\src\test\java\id\ac\u
i\cs\advprog\eshop\service\Or
derServiceImplTest.java:117: 
error: cannot find symbol
          doReturn(orders).wh
en(orderRepository).findAllBy
Author(order.getAuthor());
          ^
    symbol:   method 
doReturn(List<Order>)
3 actionable tasks: 2 executed, 1 up-to-date
    location: class 
OrderRepositoryTest
  C:\Users\ZAHRAN\IdeaProject
s\eshop\src\test\java\id\ac\u
i\cs\advprog\eshop\service\Or
derServiceImplTest.java:121: 
error: cannot find symbol
              assertEquals(or
der.getAuthor(), 
result.getAuthor());
              ^
    symbol:   method 
assertEquals(String,String)
    location: class 
OrderRepositoryTest
  C:\Users\ZAHRAN\IdeaProject
s\eshop\src\test\java\id\ac\u
i\cs\advprog\eshop\service\Or
derServiceImplTest.java:123: 
error: cannot find symbol
          assertEquals(2, 
results.size());
          ^
    symbol:   method 
assertEquals(int,int)
    location: class 
OrderRepositoryTest
  C:\Users\ZAHRAN\IdeaProject
s\eshop\src\test\java\id\ac\u
i\cs\advprog\eshop\service\Or
derServiceImplTest.java:129: 
error: cannot find symbol
          doReturn(new ArrayL
ist<Order>()).when(orderRepos
itory)
          ^
    symbol:   method 
doReturn(ArrayList<Order>)
    location: class 
OrderRepositoryTest
  C:\Users\ZAHRAN\IdeaProject
s\eshop\src\test\java\id\ac\u
i\cs\advprog\eshop\service\Or
derServiceImplTest.java:133: 
error: cannot find symbol
          assertTrue(results.
isEmpty());
          ^
    symbol:   method 
assertTrue(boolean)
    location: class 
OrderRepositoryTest
  37 errors

* Try:
> Check your code and 
dependencies to fix the 
compilation error(s)
> Run with --scan to get 
full insights from a Build 
Scan (powered by Develocity).

BUILD FAILED in 12s
